Archive member included to satisfy reference by file (symbol)

c:/ac6/systemworkbench/plugins/fr.ac6.mcu.externaltools.arm-none.win32_1.13.2.201703061525/tools/compiler/bin/../lib/gcc/arm-none-eabi/5.4.1/armv6-m\libgcc.a(_udivsi3.o)
                              Application/User/main.o (__aeabi_uidiv)
c:/ac6/systemworkbench/plugins/fr.ac6.mcu.externaltools.arm-none.win32_1.13.2.201703061525/tools/compiler/bin/../lib/gcc/arm-none-eabi/5.4.1/armv6-m\libgcc.a(_dvmd_tls.o)
                              c:/ac6/systemworkbench/plugins/fr.ac6.mcu.externaltools.arm-none.win32_1.13.2.201703061525/tools/compiler/bin/../lib/gcc/arm-none-eabi/5.4.1/armv6-m\libgcc.a(_udivsi3.o) (__aeabi_idiv0)
c:/ac6/systemworkbench/plugins/fr.ac6.mcu.externaltools.arm-none.win32_1.13.2.201703061525/tools/compiler/bin/../lib/gcc/arm-none-eabi/5.4.1/../../../../arm-none-eabi/lib/armv6-m\libc_nano.a(lib_a-exit.o)
                              c:/ac6/systemworkbench/plugins/fr.ac6.mcu.externaltools.arm-none.win32_1.13.2.201703061525/tools/compiler/bin/../lib/gcc/arm-none-eabi/5.4.1/../../../../arm-none-eabi/lib/armv6-m/crt0.o (exit)
c:/ac6/systemworkbench/plugins/fr.ac6.mcu.externaltools.arm-none.win32_1.13.2.201703061525/tools/compiler/bin/../lib/gcc/arm-none-eabi/5.4.1/../../../../arm-none-eabi/lib/armv6-m\libc_nano.a(lib_a-impure.o)
                              c:/ac6/systemworkbench/plugins/fr.ac6.mcu.externaltools.arm-none.win32_1.13.2.201703061525/tools/compiler/bin/../lib/gcc/arm-none-eabi/5.4.1/../../../../arm-none-eabi/lib/armv6-m\libc_nano.a(lib_a-exit.o) (_global_impure_ptr)
c:/ac6/systemworkbench/plugins/fr.ac6.mcu.externaltools.arm-none.win32_1.13.2.201703061525/tools/compiler/bin/../lib/gcc/arm-none-eabi/5.4.1/../../../../arm-none-eabi/lib/armv6-m\libc_nano.a(lib_a-init.o)
                              c:/ac6/systemworkbench/plugins/fr.ac6.mcu.externaltools.arm-none.win32_1.13.2.201703061525/tools/compiler/bin/../lib/gcc/arm-none-eabi/5.4.1/../../../../arm-none-eabi/lib/armv6-m/crt0.o (__libc_init_array)
c:/ac6/systemworkbench/plugins/fr.ac6.mcu.externaltools.arm-none.win32_1.13.2.201703061525/tools/compiler/bin/../lib/gcc/arm-none-eabi/5.4.1/../../../../arm-none-eabi/lib/armv6-m\libc_nano.a(lib_a-memcpy-stub.o)
                              Drivers/STM32F0xx_HAL_Driver/stm32f0xx_hal_rcc.o (memcpy)
c:/ac6/systemworkbench/plugins/fr.ac6.mcu.externaltools.arm-none.win32_1.13.2.201703061525/tools/compiler/bin/../lib/gcc/arm-none-eabi/5.4.1/../../../../arm-none-eabi/lib/armv6-m\libc_nano.a(lib_a-memset.o)
                              c:/ac6/systemworkbench/plugins/fr.ac6.mcu.externaltools.arm-none.win32_1.13.2.201703061525/tools/compiler/bin/../lib/gcc/arm-none-eabi/5.4.1/../../../../arm-none-eabi/lib/armv6-m/crt0.o (memset)
c:/ac6/systemworkbench/plugins/fr.ac6.mcu.externaltools.arm-none.win32_1.13.2.201703061525/tools/compiler/bin/../lib/gcc/arm-none-eabi/5.4.1/../../../../arm-none-eabi/lib/armv6-m\libnosys.a(_exit.o)
                              c:/ac6/systemworkbench/plugins/fr.ac6.mcu.externaltools.arm-none.win32_1.13.2.201703061525/tools/compiler/bin/../lib/gcc/arm-none-eabi/5.4.1/../../../../arm-none-eabi/lib/armv6-m\libc_nano.a(lib_a-exit.o) (_exit)

Allocating common symbols
Common symbol       size              file

TimCh               0x190             Application/User/tim.o
hi2c1               0x4c              Application/User/i2c.o
htim17              0x40              Application/User/tim.o
uwTick              0x4               Drivers/STM32F0xx_HAL_Driver/stm32f0xx_hal.o
pFlash              0x20              Drivers/STM32F0xx_HAL_Driver/stm32f0xx_hal_flash.o
htim3               0x40              Application/User/tim.o
addr                0x1               Application/User/main.o
htim1               0x40              Application/User/tim.o
aRxBuffer           0xa               Application/User/main.o
GPIO                0xf0              Application/User/gpio.o
htim14              0x40              Application/User/tim.o
hadc                0x4c              Application/User/adc.o
htim16              0x40              Application/User/tim.o
aTxBuffer           0xa               Application/User/main.o

Discarded input sections

 .text          0x00000000        0x0 c:/ac6/systemworkbench/plugins/fr.ac6.mcu.externaltools.arm-none.win32_1.13.2.201703061525/tools/compiler/bin/../lib/gcc/arm-none-eabi/5.4.1/armv6-m/crti.o
 .data          0x00000000        0x0 c:/ac6/systemworkbench/plugins/fr.ac6.mcu.externaltools.arm-none.win32_1.13.2.201703061525/tools/compiler/bin/../lib/gcc/arm-none-eabi/5.4.1/armv6-m/crti.o
 .bss           0x00000000        0x0 c:/ac6/systemworkbench/plugins/fr.ac6.mcu.externaltools.arm-none.win32_1.13.2.201703061525/tools/compiler/bin/../lib/gcc/arm-none-eabi/5.4.1/armv6-m/crti.o
 .data          0x00000000        0x4 c:/ac6/systemworkbench/plugins/fr.ac6.mcu.externaltools.arm-none.win32_1.13.2.201703061525/tools/compiler/bin/../lib/gcc/arm-none-eabi/5.4.1/armv6-m/crtbegin.o
[...]
Memory Configuration

Name             Origin             Length             Attributes
RAM              0x20000000         0x00001000         xrw
FLASH            0x08000000         0x00004000         xr
*default*        0x00000000         0xffffffff

Linker script and memory map

LOAD c:/ac6/systemworkbench/plugins/fr.ac6.mcu.externaltools.arm-none.win32_1.13.2.201703061525/tools/compiler/bin/../lib/gcc/arm-none-eabi/5.4.1/armv6-m/crti.o
LOAD c:/ac6/systemworkbench/plugins/fr.ac6.mcu.externaltools.arm-none.win32_1.13.2.201703061525/tools/compiler/bin/../lib/gcc/arm-none-eabi/5.4.1/armv6-m/crtbegin.o
LOAD c:/ac6/systemworkbench/plugins/fr.ac6.mcu.externaltools.arm-none.win32_1.13.2.201703061525/tools/compiler/bin/../lib/gcc/arm-none-eabi/5.4.1/../../../../arm-none-eabi/lib/armv6-m/crt0.o
LOAD c:/ac6/systemworkbench/plugins/fr.ac6.mcu.externaltools.arm-none.win32_1.13.2.201703061525/tools/compiler/bin/../lib/gcc/arm-none-eabi/5.4.1/../../../../arm-none-eabi/lib/armv6-m\libm.a
LOAD Application/SW4STM32/startup_stm32f030x6.o
LOAD Application/User/adc.o
LOAD Application/User/gpio.o
LOAD Application/User/i2c.o
LOAD Application/User/main.o
LOAD Application/User/stm32f0xx_hal_msp.o
LOAD Application/User/stm32f0xx_it.o
LOAD Application/User/tim.o
LOAD Drivers/CMSIS/system_stm32f0xx.o
LOAD Drivers/STM32F0xx_HAL_Driver/stm32f0xx_hal.o
LOAD Drivers/STM32F0xx_HAL_Driver/stm32f0xx_hal_adc.o
LOAD Drivers/STM32F0xx_HAL_Driver/stm32f0xx_hal_adc_ex.o
LOAD Drivers/STM32F0xx_HAL_Driver/stm32f0xx_hal_cortex.o
LOAD Drivers/STM32F0xx_HAL_Driver/stm32f0xx_hal_dma.o
LOAD Drivers/STM32F0xx_HAL_Driver/stm32f0xx_hal_flash.o
LOAD Drivers/STM32F0xx_HAL_Driver/stm32f0xx_hal_flash_ex.o
LOAD Drivers/STM32F0xx_HAL_Driver/stm32f0xx_hal_gpio.o
LOAD Drivers/STM32F0xx_HAL_Driver/stm32f0xx_hal_i2c.o
LOAD Drivers/STM32F0xx_HAL_Driver/stm32f0xx_hal_i2c_ex.o
LOAD Drivers/STM32F0xx_HAL_Driver/stm32f0xx_hal_pwr.o
LOAD Drivers/STM32F0xx_HAL_Driver/stm32f0xx_hal_pwr_ex.o
LOAD Drivers/STM32F0xx_HAL_Driver/stm32f0xx_hal_rcc.o
LOAD Drivers/STM32F0xx_HAL_Driver/stm32f0xx_hal_rcc_ex.o
LOAD Drivers/STM32F0xx_HAL_Driver/stm32f0xx_hal_tim.o
LOAD Drivers/STM32F0xx_HAL_Driver/stm32f0xx_hal_tim_ex.o
START GROUP
LOAD c:/ac6/systemworkbench/plugins/fr.ac6.mcu.externaltools.arm-none.win32_1.13.2.201703061525/tools/compiler/bin/../lib/gcc/arm-none-eabi/5.4.1/armv6-m\libgcc.a
LOAD c:/ac6/systemworkbench/plugins/fr.ac6.mcu.externaltools.arm-none.win32_1.13.2.201703061525/tools/compiler/bin/../lib/gcc/arm-none-eabi/5.4.1/../../../../arm-none-eabi/lib/armv6-m\libc_nano.a
END GROUP
START GROUP
LOAD c:/ac6/systemworkbench/plugins/fr.ac6.mcu.externaltools.arm-none.win32_1.13.2.201703061525/tools/compiler/bin/../lib/gcc/arm-none-eabi/5.4.1/armv6-m\libgcc.a
LOAD c:/ac6/systemworkbench/plugins/fr.ac6.mcu.externaltools.arm-none.win32_1.13.2.201703061525/tools/compiler/bin/../lib/gcc/arm-none-eabi/5.4.1/../../../../arm-none-eabi/lib/armv6-m\libc_nano.a
LOAD c:/ac6/systemworkbench/plugins/fr.ac6.mcu.externaltools.arm-none.win32_1.13.2.201703061525/tools/compiler/bin/../lib/gcc/arm-none-eabi/5.4.1/../../../../arm-none-eabi/lib/armv6-m\libnosys.a
END GROUP
START GROUP
LOAD c:/ac6/systemworkbench/plugins/fr.ac6.mcu.externaltools.arm-none.win32_1.13.2.201703061525/tools/compiler/bin/../lib/gcc/arm-none-eabi/5.4.1/armv6-m\libgcc.a
LOAD c:/ac6/systemworkbench/plugins/fr.ac6.mcu.externaltools.arm-none.win32_1.13.2.201703061525/tools/compiler/bin/../lib/gcc/arm-none-eabi/5.4.1/../../../../arm-none-eabi/lib/armv6-m\libc_nano.a
LOAD c:/ac6/systemworkbench/plugins/fr.ac6.mcu.externaltools.arm-none.win32_1.13.2.201703061525/tools/compiler/bin/../lib/gcc/arm-none-eabi/5.4.1/../../../../arm-none-eabi/lib/armv6-m\libnosys.a
END GROUP
LOAD c:/ac6/systemworkbench/plugins/fr.ac6.mcu.externaltools.arm-none.win32_1.13.2.201703061525/tools/compiler/bin/../lib/gcc/arm-none-eabi/5.4.1/armv6-m/crtend.o
LOAD c:/ac6/systemworkbench/plugins/fr.ac6.mcu.externaltools.arm-none.win32_1.13.2.201703061525/tools/compiler/bin/../lib/gcc/arm-none-eabi/5.4.1/armv6-m/crtn.o
                0x20001000                _estack = 0x20001000
                0x00000000                _Min_Heap_Size = 0x0
                0x00000400                _Min_Stack_Size = 0x400

.isr_vector     0x08000000       0xc0
                0x08000000                . = ALIGN (0x4)
 *(.isr_vector)
 .isr_vector    0x08000000       0xc0 Application/SW4STM32/startup_stm32f030x6.o
                0x08000000                g_pfnVectors
                0x080000c0                . = ALIGN (0x4)

.text           0x080000c0     0x32fc
                0x080000c0                . = ALIGN (0x4)
 *(.text)
 .text          0x080000c0       0x60 c:/ac6/systemworkbench/plugins/fr.ac6.mcu.externaltools.arm-none.win32_1.13.2.201703061525/tools/compiler/bin/../lib/gcc/arm-none-eabi/5.4.1/armv6-m/crtbegin.o
 .text          0x08000120      0x114 c:/ac6/systemworkbench/plugins/fr.ac6.mcu.externaltools.arm-none.win32_1.13.2.201703061525/tools/compiler/bin/../lib/gcc/arm-none-eabi/5.4.1/armv6-m\libgcc.a(_udivsi3.o)
                0x08000120                __aeabi_uidiv
                0x08000120                __udivsi3
                0x0800022c                __aeabi_uidivmod
 .text          0x08000234        0x4 c:/ac6/systemworkbench/plugins/fr.ac6.mcu.externaltools.arm-none.win32_1.13.2.201703061525/tools/compiler/bin/../lib/gcc/arm-none-eabi/5.4.1/armv6-m\libgcc.a(_dvmd_tls.o)
                0x08000234                __aeabi_idiv0
                0x08000234                __aeabi_ldiv0
 *(.text*)
 .text.Reset_Handler
                0x08000238       0x50 Application/SW4STM32/startup_stm32f030x6.o
                0x08000238                Reset_Handler
 .text.Default_Handler
                0x08000288        0x2 Application/SW4STM32/startup_stm32f030x6.o
                0x08000288                PendSV_Handler
                0x08000288                NMI_Handler
                0x08000288                SPI1_IRQHandler
                0x08000288                EXTI2_3_IRQHandler
                0x08000288                TIM17_IRQHandler
                0x08000288                RTC_IRQHandler
                0x08000288                TIM16_IRQHandler
                0x08000288                EXTI4_15_IRQHandler
                0x08000288                RCC_IRQHandler
                0x08000288                DMA1_Channel1_IRQHandler
                0x08000288                Default_Handler
                0x08000288                TIM14_IRQHandler
                0x08000288                DMA1_Channel4_5_IRQHandler
                0x08000288                EXTI0_1_IRQHandler
                0x08000288                WWDG_IRQHandler
                0x08000288                DMA1_Channel2_3_IRQHandler
                0x08000288                FLASH_IRQHandler
                0x08000288                USART1_IRQHandler
 *fill*         0x0800028a        0x2 
 .text.MX_ADC_Init
                0x0800028c      0x12c Application/User/adc.o
                0x0800028c                MX_ADC_Init
 .text.HAL_ADC_MspInit
                0x080003b8       0x2c Application/User/adc.o
                0x080003b8                HAL_ADC_MspInit
 .text.MX_GPIO_Init
                0x080003e4       0xe0 Application/User/gpio.o
                0x080003e4                MX_GPIO_Init
 .text.MX_I2C1_Init
                0x080004c4       0x58 Application/User/i2c.o
                0x080004c4                MX_I2C1_Init
 .text.HAL_I2C_MspInit
                0x0800051c       0x5c Application/User/i2c.o
                0x0800051c                HAL_I2C_MspInit
 .text.set_I2C_addr
                0x08000578       0x1c Application/User/i2c.o
                0x08000578                set_I2C_addr
 .text.MX_NVIC_Init
                0x08000594       0x54 Application/User/main.o
 .text.setAnswerBuf_32
                0x080005e8       0x10 Application/User/main.o
                0x080005e8                setAnswerBuf_32
 .text.getUID   0x080005f8        0xc Application/User/main.o
                0x080005f8                getUID
 .text.HAL_I2C_ListenCpltCallback
                0x08000604       0x20 Application/User/main.o
                0x08000604                HAL_I2C_ListenCpltCallback
 .text.HAL_I2C_AddrCallback
                0x08000624       0x38 Application/User/main.o
                0x08000624                HAL_I2C_AddrCallback
 .text.Error_Handler
                0x0800065c       0x18 Application/User/main.o
                0x0800065c                Error_Handler
 .text.SystemClock_Config
                0x08000674       0x8c Application/User/main.o
                0x08000674                SystemClock_Config
 .text.saveI2CAddress
                0x08000700       0x40 Application/User/main.o
                0x08000700                saveI2CAddress
 .text.getI2CAddress
                0x08000740       0x1c Application/User/main.o
                0x08000740                getI2CAddress
 .text.prepareAnswer
                0x0800075c       0x78 Application/User/main.o
                0x0800075c                prepareAnswer
 .text.main     0x080007d4       0x64 Application/User/main.o
                0x080007d4                main
 .text.HAL_MspInit
                0x08000838       0x40 Application/User/stm32f0xx_hal_msp.o
                0x08000838                HAL_MspInit
 .text.HardFault_Handler
                0x08000878        0x4 Application/User/stm32f0xx_it.o
                0x08000878                HardFault_Handler
 .text.SVC_Handler
                0x0800087c        0x4 Application/User/stm32f0xx_it.o
                0x0800087c                SVC_Handler
 .text.SysTick_Handler
                0x08000880        0xc Application/User/stm32f0xx_it.o
                0x08000880                SysTick_Handler
 .text.ADC1_IRQHandler
                0x0800088c       0x10 Application/User/stm32f0xx_it.o
                0x0800088c                ADC1_IRQHandler
 .text.TIM1_BRK_UP_TRG_COM_IRQHandler
                0x0800089c       0x10 Application/User/stm32f0xx_it.o
                0x0800089c                TIM1_BRK_UP_TRG_COM_IRQHandler
 .text.TIM1_CC_IRQHandler
                0x080008ac       0x10 Application/User/stm32f0xx_it.o
                0x080008ac                TIM1_CC_IRQHandler
 .text.TIM3_IRQHandler
                0x080008bc       0x10 Application/User/stm32f0xx_it.o
                0x080008bc                TIM3_IRQHandler
 .text.I2C1_IRQHandler
                0x080008cc       0x24 Application/User/stm32f0xx_it.o
                0x080008cc                I2C1_IRQHandler
 .text.MX_TIM1_Init
                0x080008f0       0xe8 Application/User/tim.o
                0x080008f0                MX_TIM1_Init
 .text.MX_TIM3_Init
                0x080009d8       0xf0 Application/User/tim.o
                0x080009d8                MX_TIM3_Init
 .text.MX_TIM14_Init
                0x08000ac8       0x70 Application/User/tim.o
                0x08000ac8                MX_TIM14_Init
 .text.MX_TIM16_Init
                0x08000b38       0x88 Application/User/tim.o
                0x08000b38                MX_TIM16_Init
 .text.MX_TIM17_Init
                0x08000bc0       0x88 Application/User/tim.o
                0x08000bc0                MX_TIM17_Init
 .text.HAL_TIM_Base_MspInit
                0x08000c48       0xa8 Application/User/tim.o
                0x08000c48                HAL_TIM_Base_MspInit
 .text.InitTimers
                0x08000cf0       0x48 Application/User/tim.o
                0x08000cf0                InitTimers
 .text.SystemInit
                0x08000d38       0x60 Drivers/CMSIS/system_stm32f0xx.o
                0x08000d38                SystemInit
 .text.HAL_InitTick
                0x08000d98       0x24 Drivers/STM32F0xx_HAL_Driver/stm32f0xx_hal.o
                0x08000d98                HAL_InitTick
 .text.HAL_Init
                0x08000dbc       0x20 Drivers/STM32F0xx_HAL_Driver/stm32f0xx_hal.o
                0x08000dbc                HAL_Init
 .text.HAL_IncTick
                0x08000ddc       0x10 Drivers/STM32F0xx_HAL_Driver/stm32f0xx_hal.o
                0x08000ddc                HAL_IncTick
 .text.HAL_GetTick
                0x08000dec        0xc Drivers/STM32F0xx_HAL_Driver/stm32f0xx_hal.o
                0x08000dec                HAL_GetTick
 .text.HAL_Delay
                0x08000df8       0x1c Drivers/STM32F0xx_HAL_Driver/stm32f0xx_hal.o
                0x08000df8                HAL_Delay
 .text.HAL_ADC_Init
                0x08000e14      0x184 Drivers/STM32F0xx_HAL_Driver/stm32f0xx_hal_adc.o
                0x08000e14                HAL_ADC_Init
 .text.HAL_ADC_ConvCpltCallback
                0x08000f98        0x4 Drivers/STM32F0xx_HAL_Driver/stm32f0xx_hal_adc.o
                0x08000f98                HAL_ADC_ConvCpltCallback
 .text.HAL_ADC_LevelOutOfWindowCallback
                0x08000f9c        0x4 Drivers/STM32F0xx_HAL_Driver/stm32f0xx_hal_adc.o
                0x08000f9c                HAL_ADC_LevelOutOfWindowCallback
 .text.HAL_ADC_ErrorCallback
                0x08000fa0        0x4 Drivers/STM32F0xx_HAL_Driver/stm32f0xx_hal_adc.o
                0x08000fa0                HAL_ADC_ErrorCallback
 .text.HAL_ADC_IRQHandler
                0x08000fa4       0xd8 Drivers/STM32F0xx_HAL_Driver/stm32f0xx_hal_adc.o
                0x08000fa4                HAL_ADC_IRQHandler
 .text.HAL_ADC_ConfigChannel
                0x0800107c      0x134 Drivers/STM32F0xx_HAL_Driver/stm32f0xx_hal_adc.o
                0x0800107c                HAL_ADC_ConfigChannel
 .text.HAL_NVIC_SetPriority
                0x080011b0       0x64 Drivers/STM32F0xx_HAL_Driver/stm32f0xx_hal_cortex.o
                0x080011b0                HAL_NVIC_SetPriority
 .text.HAL_NVIC_EnableIRQ
                0x08001214       0x14 Drivers/STM32F0xx_HAL_Driver/stm32f0xx_hal_cortex.o
                0x08001214                HAL_NVIC_EnableIRQ
 .text.HAL_SYSTICK_Config
                0x08001228       0x38 Drivers/STM32F0xx_HAL_Driver/stm32f0xx_hal_cortex.o
                0x08001228                HAL_SYSTICK_Config
 .text.HAL_SYSTICK_CLKSourceConfig
                0x08001260       0x20 Drivers/STM32F0xx_HAL_Driver/stm32f0xx_hal_cortex.o
                0x08001260                HAL_SYSTICK_CLKSourceConfig
 .text.HAL_SYSTICK_Callback
                0x08001280        0x4 Drivers/STM32F0xx_HAL_Driver/stm32f0xx_hal_cortex.o
                0x08001280                HAL_SYSTICK_Callback
 .text.HAL_SYSTICK_IRQHandler
                0x08001284        0x8 Drivers/STM32F0xx_HAL_Driver/stm32f0xx_hal_cortex.o
                0x08001284                HAL_SYSTICK_IRQHandler
 .text.HAL_DMA_Abort_IT
                0x0800128c       0x4c Drivers/STM32F0xx_HAL_Driver/stm32f0xx_hal_dma.o
                0x0800128c                HAL_DMA_Abort_IT
 .text.FLASH_SetErrorCode
                0x080012d8       0x3c Drivers/STM32F0xx_HAL_Driver/stm32f0xx_hal_flash.o
 .text.HAL_FLASH_Unlock
                0x08001314       0x28 Drivers/STM32F0xx_HAL_Driver/stm32f0xx_hal_flash.o
                0x08001314                HAL_FLASH_Unlock
 .text.HAL_FLASH_OB_Unlock
                0x0800133c       0x28 Drivers/STM32F0xx_HAL_Driver/stm32f0xx_hal_flash.o
                0x0800133c                HAL_FLASH_OB_Unlock
 .text.FLASH_WaitForLastOperation
                0x08001364       0x5c Drivers/STM32F0xx_HAL_Driver/stm32f0xx_hal_flash.o
                0x08001364                FLASH_WaitForLastOperation
 .text.HAL_FLASH_OB_Launch
                0x080013c0       0x20 Drivers/STM32F0xx_HAL_Driver/stm32f0xx_hal_flash.o
                0x080013c0                HAL_FLASH_OB_Launch
 .text.FLASH_OB_GetWRP
                0x080013e0        0xc Drivers/STM32F0xx_HAL_Driver/stm32f0xx_hal_flash_ex.o
 .text.FLASH_OB_GetRDP
                0x080013ec       0x20 Drivers/STM32F0xx_HAL_Driver/stm32f0xx_hal_flash_ex.o
 .text.FLASH_OB_RDP_LevelConfig
                0x0800140c       0x64 Drivers/STM32F0xx_HAL_Driver/stm32f0xx_hal_flash_ex.o
 .text.FLASH_OB_UserConfig
                0x08001470       0x48 Drivers/STM32F0xx_HAL_Driver/stm32f0xx_hal_flash_ex.o
 .text.FLASH_OB_ProgramData
                0x080014b8       0x40 Drivers/STM32F0xx_HAL_Driver/stm32f0xx_hal_flash_ex.o
 .text.HAL_FLASHEx_OBErase
                0x080014f8       0x50 Drivers/STM32F0xx_HAL_Driver/stm32f0xx_hal_flash_ex.o
                0x080014f8                HAL_FLASHEx_OBErase
 .text.FLASH_OB_EnableWRP
                0x08001548       0x64 Drivers/STM32F0xx_HAL_Driver/stm32f0xx_hal_flash_ex.o
 .text.FLASH_OB_DisableWRP
                0x080015ac       0x60 Drivers/STM32F0xx_HAL_Driver/stm32f0xx_hal_flash_ex.o
 .text.HAL_FLASHEx_OBProgram
                0x0800160c       0x94 Drivers/STM32F0xx_HAL_Driver/stm32f0xx_hal_flash_ex.o
                0x0800160c                HAL_FLASHEx_OBProgram
 .text.HAL_FLASHEx_OBGetUserData
                0x080016a0       0x24 Drivers/STM32F0xx_HAL_Driver/stm32f0xx_hal_flash_ex.o
                0x080016a0                HAL_FLASHEx_OBGetUserData
 .text.HAL_GPIO_Init
                0x080016c4      0x188 Drivers/STM32F0xx_HAL_Driver/stm32f0xx_hal_gpio.o
                0x080016c4                HAL_GPIO_Init
 .text.HAL_GPIO_WritePin
                0x0800184c        0xc Drivers/STM32F0xx_HAL_Driver/stm32f0xx_hal_gpio.o
                0x0800184c                HAL_GPIO_WritePin
 .text.HAL_GPIO_TogglePin
                0x08001858        0x8 Drivers/STM32F0xx_HAL_Driver/stm32f0xx_hal_gpio.o
                0x08001858                HAL_GPIO_TogglePin
 .text.I2C_Flush_TXDR
                0x08001860       0x20 Drivers/STM32F0xx_HAL_Driver/stm32f0xx_hal_i2c.o
 .text.I2C_TransferConfig
                0x08001880       0x24 Drivers/STM32F0xx_HAL_Driver/stm32f0xx_hal_i2c.o
 .text.I2C_Enable_IRQ
                0x080018a4       0x74 Drivers/STM32F0xx_HAL_Driver/stm32f0xx_hal_i2c.o
 .text.I2C_Disable_IRQ
                0x08001918       0x70 Drivers/STM32F0xx_HAL_Driver/stm32f0xx_hal_i2c.o
 .text.HAL_I2C_Init
                0x08001988       0xc8 Drivers/STM32F0xx_HAL_Driver/stm32f0xx_hal_i2c.o
                0x08001988                HAL_I2C_Init
 .text.HAL_I2C_Slave_Sequential_Transmit_IT
                0x08001a50       0xa0 Drivers/STM32F0xx_HAL_Driver/stm32f0xx_hal_i2c.o
                0x08001a50                HAL_I2C_Slave_Sequential_Transmit_IT
 .text.HAL_I2C_Slave_Sequential_Receive_IT
                0x08001af0       0xa0 Drivers/STM32F0xx_HAL_Driver/stm32f0xx_hal_i2c.o
                0x08001af0                HAL_I2C_Slave_Sequential_Receive_IT
 .text.HAL_I2C_EnableListen_IT
                0x08001b90       0x28 Drivers/STM32F0xx_HAL_Driver/stm32f0xx_hal_i2c.o
                0x08001b90                HAL_I2C_EnableListen_IT
 .text.HAL_I2C_DisableListen_IT
                0x08001bb8       0x34 Drivers/STM32F0xx_HAL_Driver/stm32f0xx_hal_i2c.o
                0x08001bb8                HAL_I2C_DisableListen_IT
 .text.HAL_I2C_EV_IRQHandler
                0x08001bec       0x14 Drivers/STM32F0xx_HAL_Driver/stm32f0xx_hal_i2c.o
                0x08001bec                HAL_I2C_EV_IRQHandler
 .text.HAL_I2C_MasterTxCpltCallback
                0x08001c00        0x4 Drivers/STM32F0xx_HAL_Driver/stm32f0xx_hal_i2c.o
                0x08001c00                HAL_I2C_MasterTxCpltCallback
 .text.HAL_I2C_MasterRxCpltCallback
                0x08001c04        0x4 Drivers/STM32F0xx_HAL_Driver/stm32f0xx_hal_i2c.o
                0x08001c04                HAL_I2C_MasterRxCpltCallback
 .text.HAL_I2C_SlaveTxCpltCallback
                0x08001c08        0x4 Drivers/STM32F0xx_HAL_Driver/stm32f0xx_hal_i2c.o
                0x08001c08                HAL_I2C_SlaveTxCpltCallback
 .text.HAL_I2C_SlaveRxCpltCallback
                0x08001c0c        0x4 Drivers/STM32F0xx_HAL_Driver/stm32f0xx_hal_i2c.o
                0x08001c0c                HAL_I2C_SlaveRxCpltCallback
 .text.I2C_ITSlaveSequentialCplt
                0x08001c10       0x58 Drivers/STM32F0xx_HAL_Driver/stm32f0xx_hal_i2c.o
 .text.I2C_ITAddrCplt
                0x08001c68       0xa4 Drivers/STM32F0xx_HAL_Driver/stm32f0xx_hal_i2c.o
 .text.I2C_ITListenCplt
                0x08001d0c       0x64 Drivers/STM32F0xx_HAL_Driver/stm32f0xx_hal_i2c.o
 .text.HAL_I2C_MemTxCpltCallback
                0x08001d70        0x4 Drivers/STM32F0xx_HAL_Driver/stm32f0xx_hal_i2c.o
                0x08001d70                HAL_I2C_MemTxCpltCallback
 .text.HAL_I2C_MemRxCpltCallback
                0x08001d74        0x4 Drivers/STM32F0xx_HAL_Driver/stm32f0xx_hal_i2c.o
                0x08001d74                HAL_I2C_MemRxCpltCallback
 .text.HAL_I2C_ErrorCallback
                0x08001d78        0x4 Drivers/STM32F0xx_HAL_Driver/stm32f0xx_hal_i2c.o
                0x08001d78                HAL_I2C_ErrorCallback
 .text.HAL_I2C_AbortCpltCallback
                0x08001d7c        0x4 Drivers/STM32F0xx_HAL_Driver/stm32f0xx_hal_i2c.o
                0x08001d7c                HAL_I2C_AbortCpltCallback
 .text.I2C_ITError
                0x08001d80       0xf8 Drivers/STM32F0xx_HAL_Driver/stm32f0xx_hal_i2c.o
 .text.I2C_ITSlaveCplt
                0x08001e78      0x118 Drivers/STM32F0xx_HAL_Driver/stm32f0xx_hal_i2c.o
 .text.I2C_Slave_ISR_IT
                0x08001f90      0x140 Drivers/STM32F0xx_HAL_Driver/stm32f0xx_hal_i2c.o
 .text.I2C_Slave_ISR_DMA
                0x080020d0       0x84 Drivers/STM32F0xx_HAL_Driver/stm32f0xx_hal_i2c.o
 .text.I2C_ITMasterCplt
                0x08002154       0xd4 Drivers/STM32F0xx_HAL_Driver/stm32f0xx_hal_i2c.o
 .text.I2C_Master_ISR_DMA
                0x08002228       0xdc Drivers/STM32F0xx_HAL_Driver/stm32f0xx_hal_i2c.o
 .text.HAL_I2C_ER_IRQHandler
                0x08002304       0x60 Drivers/STM32F0xx_HAL_Driver/stm32f0xx_hal_i2c.o
                0x08002304                HAL_I2C_ER_IRQHandler
 .text.I2C_DMAAbort
                0x08002364       0x34 Drivers/STM32F0xx_HAL_Driver/stm32f0xx_hal_i2c.o
 .text.HAL_I2CEx_ConfigAnalogFilter
                0x08002398       0x58 Drivers/STM32F0xx_HAL_Driver/stm32f0xx_hal_i2c_ex.o
                0x08002398                HAL_I2CEx_ConfigAnalogFilter
 .text.HAL_I2CEx_ConfigDigitalFilter
                0x080023f0       0x54 Drivers/STM32F0xx_HAL_Driver/stm32f0xx_hal_i2c_ex.o
                0x080023f0                HAL_I2CEx_ConfigDigitalFilter
 .text.HAL_RCC_OscConfig
                0x08002444      0x480 Drivers/STM32F0xx_HAL_Driver/stm32f0xx_hal_rcc.o
                0x08002444                HAL_RCC_OscConfig
 .text.HAL_RCC_GetSysClockFreq
                0x080028c4       0x68 Drivers/STM32F0xx_HAL_Driver/stm32f0xx_hal_rcc.o
                0x080028c4                HAL_RCC_GetSysClockFreq
 .text.HAL_RCC_ClockConfig
                0x0800292c      0x160 Drivers/STM32F0xx_HAL_Driver/stm32f0xx_hal_rcc.o
                0x0800292c                HAL_RCC_ClockConfig
 .text.HAL_RCC_GetHCLKFreq
                0x08002a8c        0xc Drivers/STM32F0xx_HAL_Driver/stm32f0xx_hal_rcc.o
                0x08002a8c                HAL_RCC_GetHCLKFreq
 .text.HAL_RCCEx_PeriphCLKConfig
                0x08002a98      0x11c Drivers/STM32F0xx_HAL_Driver/stm32f0xx_hal_rcc_ex.o
                0x08002a98                HAL_RCCEx_PeriphCLKConfig
 .text.TIM_OC1_SetConfig
                0x08002bb4       0x78 Drivers/STM32F0xx_HAL_Driver/stm32f0xx_hal_tim.o
 .text.TIM_OC3_SetConfig
                0x08002c2c       0x84 Drivers/STM32F0xx_HAL_Driver/stm32f0xx_hal_tim.o
 .text.TIM_OC4_SetConfig
                0x08002cb0       0x68 Drivers/STM32F0xx_HAL_Driver/stm32f0xx_hal_tim.o
 .text.TIM_TI1_ConfigInputStage
                0x08002d18       0x24 Drivers/STM32F0xx_HAL_Driver/stm32f0xx_hal_tim.o
 .text.TIM_TI2_ConfigInputStage
                0x08002d3c       0x28 Drivers/STM32F0xx_HAL_Driver/stm32f0xx_hal_tim.o
 .text.TIM_ITRx_SetConfig
                0x08002d64       0x14 Drivers/STM32F0xx_HAL_Driver/stm32f0xx_hal_tim.o
 .text.HAL_TIM_PWM_MspInit
                0x08002d78        0x4 Drivers/STM32F0xx_HAL_Driver/stm32f0xx_hal_tim.o
                0x08002d78                HAL_TIM_PWM_MspInit
 .text.HAL_TIM_PeriodElapsedCallback
                0x08002d7c        0x4 Drivers/STM32F0xx_HAL_Driver/stm32f0xx_hal_tim.o
                0x08002d7c                HAL_TIM_PeriodElapsedCallback
 .text.HAL_TIM_OC_DelayElapsedCallback
                0x08002d80        0x4 Drivers/STM32F0xx_HAL_Driver/stm32f0xx_hal_tim.o
                0x08002d80                HAL_TIM_OC_DelayElapsedCallback
 .text.HAL_TIM_IC_CaptureCallback
                0x08002d84        0x4 Drivers/STM32F0xx_HAL_Driver/stm32f0xx_hal_tim.o
                0x08002d84                HAL_TIM_IC_CaptureCallback
 .text.HAL_TIM_PWM_PulseFinishedCallback
                0x08002d88        0x4 Drivers/STM32F0xx_HAL_Driver/stm32f0xx_hal_tim.o
                0x08002d88                HAL_TIM_PWM_PulseFinishedCallback
 .text.HAL_TIM_TriggerCallback
                0x08002d8c        0x4 Drivers/STM32F0xx_HAL_Driver/stm32f0xx_hal_tim.o
                0x08002d8c                HAL_TIM_TriggerCallback
 .text.HAL_TIM_IRQHandler
                0x08002d90      0x154 Drivers/STM32F0xx_HAL_Driver/stm32f0xx_hal_tim.o
                0x08002d90                HAL_TIM_IRQHandler
 .text.TIM_Base_SetConfig
                0x08002ee4       0x84 Drivers/STM32F0xx_HAL_Driver/stm32f0xx_hal_tim.o
                0x08002ee4                TIM_Base_SetConfig
 .text.HAL_TIM_Base_Init
                0x08002f68       0x34 Drivers/STM32F0xx_HAL_Driver/stm32f0xx_hal_tim.o
                0x08002f68                HAL_TIM_Base_Init
 .text.HAL_TIM_PWM_Init
                0x08002f9c       0x34 Drivers/STM32F0xx_HAL_Driver/stm32f0xx_hal_tim.o
                0x08002f9c                HAL_TIM_PWM_Init
 .text.TIM_OC2_SetConfig
                0x08002fd0       0x7c Drivers/STM32F0xx_HAL_Driver/stm32f0xx_hal_tim.o
                0x08002fd0                TIM_OC2_SetConfig
 .text.HAL_TIM_PWM_ConfigChannel
                0x0800304c       0xf0 Drivers/STM32F0xx_HAL_Driver/stm32f0xx_hal_tim.o
                0x0800304c                HAL_TIM_PWM_ConfigChannel
 .text.TIM_ETR_SetConfig
                0x0800313c       0x18 Drivers/STM32F0xx_HAL_Driver/stm32f0xx_hal_tim.o
                0x0800313c                TIM_ETR_SetConfig
 .text.HAL_TIM_ConfigClockSource
                0x08003154      0x120 Drivers/STM32F0xx_HAL_Driver/stm32f0xx_hal_tim.o
                0x08003154                HAL_TIM_ConfigClockSource
 .text.HAL_TIMEx_MasterConfigSynchronization
                0x08003274       0x4c Drivers/STM32F0xx_HAL_Driver/stm32f0xx_hal_tim_ex.o
                0x08003274                HAL_TIMEx_MasterConfigSynchronization
 .text.HAL_TIMEx_ConfigBreakDeadTime
                0x080032c0       0x7c Drivers/STM32F0xx_HAL_Driver/stm32f0xx_hal_tim_ex.o
                0x080032c0                HAL_TIMEx_ConfigBreakDeadTime
 .text.HAL_TIMEx_CommutationCallback
                0x0800333c        0x4 Drivers/STM32F0xx_HAL_Driver/stm32f0xx_hal_tim_ex.o
                0x0800333c                HAL_TIMEx_CommutationCallback
 .text.HAL_TIMEx_BreakCallback
                0x08003340        0x4 Drivers/STM32F0xx_HAL_Driver/stm32f0xx_hal_tim_ex.o
                0x08003340                HAL_TIMEx_BreakCallback
 .text.__libc_init_array
                0x08003344       0x4c c:/ac6/systemworkbench/plugins/fr.ac6.mcu.externaltools.arm-none.win32_1.13.2.201703061525/tools/compiler/bin/../lib/gcc/arm-none-eabi/5.4.1/../../../../arm-none-eabi/lib/armv6-m\libc_nano.a(lib_a-init.o)
                0x08003344                __libc_init_array
 .text.memcpy   0x08003390       0x12 c:/ac6/systemworkbench/plugins/fr.ac6.mcu.externaltools.arm-none.win32_1.13.2.201703061525/tools/compiler/bin/../lib/gcc/arm-none-eabi/5.4.1/../../../../arm-none-eabi/lib/armv6-m\libc_nano.a(lib_a-memcpy-stub.o)
                0x08003390                memcpy
 *(.glue_7)
 .glue_7        0x080033a2        0x0 linker stubs
 *(.glue_7t)
 .glue_7t       0x080033a2        0x0 linker stubs
 *(.eh_frame)
 *fill*         0x080033a2        0x2 
 .eh_frame      0x080033a4        0x0 c:/ac6/systemworkbench/plugins/fr.ac6.mcu.externaltools.arm-none.win32_1.13.2.201703061525/tools/compiler/bin/../lib/gcc/arm-none-eabi/5.4.1/armv6-m/crtbegin.o
 *(.init)
 .init          0x080033a4        0x4 c:/ac6/systemworkbench/plugins/fr.ac6.mcu.externaltools.arm-none.win32_1.13.2.201703061525/tools/compiler/bin/../lib/gcc/arm-none-eabi/5.4.1/armv6-m/crti.o
                0x080033a4                _init
 .init          0x080033a8        0x8 c:/ac6/systemworkbench/plugins/fr.ac6.mcu.externaltools.arm-none.win32_1.13.2.201703061525/tools/compiler/bin/../lib/gcc/arm-none-eabi/5.4.1/armv6-m/crtn.o
 *(.fini)
 .fini          0x080033b0        0x4 c:/ac6/systemworkbench/plugins/fr.ac6.mcu.externaltools.arm-none.win32_1.13.2.201703061525/tools/compiler/bin/../lib/gcc/arm-none-eabi/5.4.1/armv6-m/crti.o
                0x080033b0                _fini
 .fini          0x080033b4        0x8 c:/ac6/systemworkbench/plugins/fr.ac6.mcu.externaltools.arm-none.win32_1.13.2.201703061525/tools/compiler/bin/../lib/gcc/arm-none-eabi/5.4.1/armv6-m/crtn.o
                0x080033bc                . = ALIGN (0x4)
                0x080033bc                _etext = .

.vfp11_veneer   0x080033bc        0x0
 .vfp11_veneer  0x080033bc        0x0 linker stubs

.v4_bx          0x080033bc        0x0
 .v4_bx         0x080033bc        0x0 linker stubs

.iplt           0x080033bc        0x0
 .iplt          0x080033bc        0x0 c:/ac6/systemworkbench/plugins/fr.ac6.mcu.externaltools.arm-none.win32_1.13.2.201703061525/tools/compiler/bin/../lib/gcc/arm-none-eabi/5.4.1/armv6-m/crtbegin.o

.rodata         0x080033bc       0x6c
                0x080033bc                . = ALIGN (0x4)
 *(.rodata)
 .rodata        0x080033bc       0x34 Application/User/main.o
 .rodata        0x080033f0       0x18 Drivers/CMSIS/system_stm32f0xx.o
                0x080033f0                AHBPrescTable
                0x08003400                APBPrescTable
 .rodata        0x08003408       0x20 Drivers/STM32F0xx_HAL_Driver/stm32f0xx_hal_rcc.o
 *(.rodata*)
                0x08003428                . = ALIGN (0x4)

.rel.dyn        0x08003428        0x0
 .rel.iplt      0x08003428        0x0 c:/ac6/systemworkbench/plugins/fr.ac6.mcu.externaltools.arm-none.win32_1.13.2.201703061525/tools/compiler/bin/../lib/gcc/arm-none-eabi/5.4.1/armv6-m/crtbegin.o

.ARM.extab
 *(.ARM.extab* .gnu.linkonce.armextab.*)

.ARM            0x08003428        0x0
                0x08003428                __exidx_start = .
 *(.ARM.exidx*)
                0x08003428                __exidx_end = .

.preinit_array  0x08003428        0x0
                0x08003428                PROVIDE (__preinit_array_start, .)
 *(.preinit_array*)
                0x08003428                PROVIDE (__preinit_array_end, .)

.init_array     0x08003428        0x4
                0x08003428                PROVIDE (__init_array_start, .)
 *(SORT(.init_array.*))
 *(.init_array*)
 .init_array    0x08003428        0x4 c:/ac6/systemworkbench/plugins/fr.ac6.mcu.externaltools.arm-none.win32_1.13.2.201703061525/tools/compiler/bin/../lib/gcc/arm-none-eabi/5.4.1/armv6-m/crtbegin.o
                0x0800342c                PROVIDE (__init_array_end, .)

.fini_array     0x0800342c        0x4
                [!provide]                PROVIDE (__fini_array_start, .)
 *(SORT(.fini_array.*))
 *(.fini_array*)
 .fini_array    0x0800342c        0x4 c:/ac6/systemworkbench/plugins/fr.ac6.mcu.externaltools.arm-none.win32_1.13.2.201703061525/tools/compiler/bin/../lib/gcc/arm-none-eabi/5.4.1/armv6-m/crtbegin.o
                [!provide]                PROVIDE (__fini_array_end, .)
                0x08003430                _sidata = LOADADDR (.data)

.data           0x20000000        0x4 load address 0x08003430
                0x20000000                . = ALIGN (0x4)
                0x20000000                _sdata = .
 *(.data)
 .data          0x20000000        0x4 Drivers/CMSIS/system_stm32f0xx.o
                0x20000000                SystemCoreClock
 *(.data*)
                0x20000004                . = ALIGN (0x4)
                0x20000004                _edata = .

.jcr            0x20000004        0x0 load address 0x08003434
 .jcr           0x20000004        0x0 c:/ac6/systemworkbench/plugins/fr.ac6.mcu.externaltools.arm-none.win32_1.13.2.201703061525/tools/compiler/bin/../lib/gcc/arm-none-eabi/5.4.1/armv6-m/crtbegin.o

.igot.plt       0x20000004        0x0 load address 0x08003434
 .igot.plt      0x20000004        0x0 c:/ac6/systemworkbench/plugins/fr.ac6.mcu.externaltools.arm-none.win32_1.13.2.201703061525/tools/compiler/bin/../lib/gcc/arm-none-eabi/5.4.1/armv6-m/crtbegin.o
                0x20000004                . = ALIGN (0x4)

.bss            0x20000008      0x4d0 load address 0x08003434
                0x20000008                _sbss = .
                0x20000008                __bss_start__ = _sbss
 *(.bss)
 .bss           0x20000008       0x1c c:/ac6/systemworkbench/plugins/fr.ac6.mcu.externaltools.arm-none.win32_1.13.2.201703061525/tools/compiler/bin/../lib/gcc/arm-none-eabi/5.4.1/armv6-m/crtbegin.o
 .bss           0x20000024       0x1c Application/User/main.o
                0x20000024                recieveMessageFlag
 *(.bss*)
 *(COMMON)
 COMMON         0x20000040       0x4c Application/User/adc.o
                0x20000040                hadc
 COMMON         0x2000008c       0xf0 Application/User/gpio.o
                0x2000008c                GPIO
 COMMON         0x2000017c       0x4c Application/User/i2c.o
                0x2000017c                hi2c1
 COMMON         0x200001c8       0x1a Application/User/main.o
                0x200001c8                addr
                0x200001cc                aRxBuffer
                0x200001d8                aTxBuffer
 *fill*         0x200001e2        0x2 
 COMMON         0x200001e4      0x2d0 Application/User/tim.o
                0x200001e4                TimCh
                0x20000374                htim17
                0x200003b4                htim3
                0x200003f4                htim1
                0x20000434                htim14
                0x20000474                htim16
 COMMON         0x200004b4        0x4 Drivers/STM32F0xx_HAL_Driver/stm32f0xx_hal.o
                0x200004b4                uwTick
 COMMON         0x200004b8       0x20 Drivers/STM32F0xx_HAL_Driver/stm32f0xx_hal_flash.o
                0x200004b8                pFlash
                0x200004d8                . = ALIGN (0x4)
                0x200004d8                _ebss = .
                0x200004d8                __bss_end__ = _ebss

._user_heap_stack
                0x200004d8      0x400 load address 0x08003434
                0x200004d8                . = ALIGN (0x8)
                [!provide]                PROVIDE (end, .)
                [!provide]                PROVIDE (_end, .)
                0x200004d8                . = (. + _Min_Heap_Size)
                0x200008d8                . = (. + _Min_Stack_Size)
 *fill*         0x200004d8      0x400 
                0x200008d8                . = ALIGN (0x8)

/DISCARD/
 libc.a(*)
 libm.a(*)
 libgcc.a(*)

.ARM.attributes
                0x00000000       0x28
 *(.ARM.attributes)
 .ARM.attributes
                0x00000000       0x1e c:/ac6/systemworkbench/plugins/fr.ac6.mcu.externaltools.arm-none.win32_1.13.2.201703061525/tools/compiler/bin/../lib/gcc/arm-none-eabi/5.4.1/armv6-m/crti.o
 .ARM.attributes
                0x0000001e       0x2c c:/ac6/systemworkbench/plugins/fr.ac6.mcu.externaltools.arm-none.win32_1.13.2.201703061525/tools/compiler/bin/../lib/gcc/arm-none-eabi/5.4.1/armv6-m/crtbegin.o
 .ARM.attributes
                0x0000004a       0x21 Application/SW4STM32/startup_stm32f030x6.o
 .ARM.attributes
                0x0000006b       0x31 Application/User/adc.o
 .ARM.attributes
                0x0000009c       0x31 Application/User/gpio.o
 .ARM.attributes
                0x000000cd       0x31 Application/User/i2c.o
 .ARM.attributes
                0x000000fe       0x31 Application/User/main.o
 .ARM.attributes
                0x0000012f       0x31 Application/User/stm32f0xx_hal_msp.o
 .ARM.attributes
                0x00000160       0x31 Application/User/stm32f0xx_it.o
 .ARM.attributes
                0x00000191       0x31 Application/User/tim.o
 .ARM.attributes
                0x000001c2       0x31 Drivers/CMSIS/system_stm32f0xx.o
 .ARM.attributes
                0x000001f3       0x31 Drivers/STM32F0xx_HAL_Driver/stm32f0xx_hal.o
 .ARM.attributes
                0x00000224       0x31 Drivers/STM32F0xx_HAL_Driver/stm32f0xx_hal_adc.o
 .ARM.attributes
                0x00000255       0x31 Drivers/STM32F0xx_HAL_Driver/stm32f0xx_hal_cortex.o
 .ARM.attributes
                0x00000286       0x31 Drivers/STM32F0xx_HAL_Driver/stm32f0xx_hal_dma.o
 .ARM.attributes
                0x000002b7       0x31 Drivers/STM32F0xx_HAL_Driver/stm32f0xx_hal_flash.o
 .ARM.attributes
                0x000002e8       0x31 Drivers/STM32F0xx_HAL_Driver/stm32f0xx_hal_flash_ex.o
 .ARM.attributes
                0x00000319       0x31 Drivers/STM32F0xx_HAL_Driver/stm32f0xx_hal_gpio.o
 .ARM.attributes
                0x0000034a       0x31 Drivers/STM32F0xx_HAL_Driver/stm32f0xx_hal_i2c.o
 .ARM.attributes
                0x0000037b       0x31 Drivers/STM32F0xx_HAL_Driver/stm32f0xx_hal_i2c_ex.o
 .ARM.attributes
                0x000003ac       0x31 Drivers/STM32F0xx_HAL_Driver/stm32f0xx_hal_rcc.o
 .ARM.attributes
                0x000003dd       0x31 Drivers/STM32F0xx_HAL_Driver/stm32f0xx_hal_rcc_ex.o
 .ARM.attributes
                0x0000040e       0x31 Drivers/STM32F0xx_HAL_Driver/stm32f0xx_hal_tim.o
 .ARM.attributes
                0x0000043f       0x31 Drivers/STM32F0xx_HAL_Driver/stm32f0xx_hal_tim_ex.o
 .ARM.attributes
                0x00000470       0x1e c:/ac6/systemworkbench/plugins/fr.ac6.mcu.externaltools.arm-none.win32_1.13.2.201703061525/tools/compiler/bin/../lib/gcc/arm-none-eabi/5.4.1/armv6-m\libgcc.a(_udivsi3.o)
 .ARM.attributes
                0x0000048e       0x1e c:/ac6/systemworkbench/plugins/fr.ac6.mcu.externaltools.arm-none.win32_1.13.2.201703061525/tools/compiler/bin/../lib/gcc/arm-none-eabi/5.4.1/armv6-m\libgcc.a(_dvmd_tls.o)
 .ARM.attributes
                0x000004ac       0x2c c:/ac6/systemworkbench/plugins/fr.ac6.mcu.externaltools.arm-none.win32_1.13.2.201703061525/tools/compiler/bin/../lib/gcc/arm-none-eabi/5.4.1/../../../../arm-none-eabi/lib/armv6-m\libc_nano.a(lib_a-init.o)
 .ARM.attributes
                0x000004d8       0x2c c:/ac6/systemworkbench/plugins/fr.ac6.mcu.externaltools.arm-none.win32_1.13.2.201703061525/tools/compiler/bin/../lib/gcc/arm-none-eabi/5.4.1/../../../../arm-none-eabi/lib/armv6-m\libc_nano.a(lib_a-memcpy-stub.o)
 .ARM.attributes
                0x00000504       0x1e c:/ac6/systemworkbench/plugins/fr.ac6.mcu.externaltools.arm-none.win32_1.13.2.201703061525/tools/compiler/bin/../lib/gcc/arm-none-eabi/5.4.1/armv6-m/crtn.o
OUTPUT(i2cio.elf elf32-littlearm)

.debug_line     0x00000000     0xdd32
 .debug_line    0x00000000       0x9c Application/SW4STM32/startup_stm32f030x6.o
 .debug_line    0x0000009c      0x7e4 Application/User/adc.o
 .debug_line    0x00000880      0x7b7 Application/User/gpio.o
 .debug_line    0x00001037      0x7dc Application/User/i2c.o
 .debug_line    0x00001813      0x90a Application/User/main.o
 .debug_line    0x0000211d      0x786 Application/User/stm32f0xx_hal_msp.o
 .debug_line    0x000028a3      0x80e Application/User/stm32f0xx_it.o
 .debug_line    0x000030b1      0x94d Application/User/tim.o
 .debug_line    0x000039fe      0x7b2 Drivers/CMSIS/system_stm32f0xx.o
 .debug_line    0x000041b0      0x8c8 Drivers/STM32F0xx_HAL_Driver/stm32f0xx_hal.o
 .debug_line    0x00004a78      0xccc Drivers/STM32F0xx_HAL_Driver/stm32f0xx_hal_adc.o
 .debug_line    0x00005744      0x8e6 Drivers/STM32F0xx_HAL_Driver/stm32f0xx_hal_cortex.o
 .debug_line    0x0000602a      0x9c5 Drivers/STM32F0xx_HAL_Driver/stm32f0xx_hal_dma.o
 .debug_line    0x000069ef      0x94e Drivers/STM32F0xx_HAL_Driver/stm32f0xx_hal_flash.o
 .debug_line    0x0000733d      0x992 Drivers/STM32F0xx_HAL_Driver/stm32f0xx_hal_flash_ex.o
 .debug_line    0x00007ccf      0x8d0 Drivers/STM32F0xx_HAL_Driver/stm32f0xx_hal_gpio.o
 .debug_line    0x0000859f     0x1810 Drivers/STM32F0xx_HAL_Driver/stm32f0xx_hal_i2c.o
 .debug_line    0x00009daf      0x852 Drivers/STM32F0xx_HAL_Driver/stm32f0xx_hal_i2c_ex.o
 .debug_line    0x0000a601      0xa1e Drivers/STM32F0xx_HAL_Driver/stm32f0xx_hal_rcc.o
 .debug_line    0x0000b01f      0x867 Drivers/STM32F0xx_HAL_Driver/stm32f0xx_hal_rcc_ex.o
 .debug_line    0x0000b886     0x1788 Drivers/STM32F0xx_HAL_Driver/stm32f0xx_hal_tim.o
 .debug_line    0x0000d00e      0xd24 Drivers/STM32F0xx_HAL_Driver/stm32f0xx_hal_tim_ex.o

.debug_info     0x00000000    0x1073d
 .debug_info    0x00000000       0x8e Application/SW4STM32/startup_stm32f030x6.o
 .debug_info    0x0000008e      0x9df Application/User/adc.o
 .debug_info    0x00000a6d      0x3c8 Application/User/gpio.o
 .debug_info    0x00000e35      0xa3b Application/User/i2c.o
 .debug_info    0x00001870     0x11b9 Application/User/main.o
 .debug_info    0x00002a29      0x2a1 Application/User/stm32f0xx_hal_msp.o
 .debug_info    0x00002cca      0xb5b Application/User/stm32f0xx_it.o
 .debug_info    0x00003825     0x1014 Application/User/tim.o
 .debug_info    0x00004839      0x24b Drivers/CMSIS/system_stm32f0xx.o
 .debug_info    0x00004a84      0x570 Drivers/STM32F0xx_HAL_Driver/stm32f0xx_hal.o
 .debug_info    0x00004ff4      0xe06 Drivers/STM32F0xx_HAL_Driver/stm32f0xx_hal_adc.o
 .debug_info    0x00005dfa      0x745 Drivers/STM32F0xx_HAL_Driver/stm32f0xx_hal_cortex.o
 .debug_info    0x0000653f      0x7d4 Drivers/STM32F0xx_HAL_Driver/stm32f0xx_hal_dma.o
 .debug_info    0x00006d13      0x5e6 Drivers/STM32F0xx_HAL_Driver/stm32f0xx_hal_flash.o
 .debug_info    0x000072f9      0x8cf Drivers/STM32F0xx_HAL_Driver/stm32f0xx_hal_flash_ex.o
 .debug_info    0x00007bc8      0x5d9 Drivers/STM32F0xx_HAL_Driver/stm32f0xx_hal_gpio.o
 .debug_info    0x000081a1     0x3140 Drivers/STM32F0xx_HAL_Driver/stm32f0xx_hal_i2c.o
 .debug_info    0x0000b2e1      0x7d8 Drivers/STM32F0xx_HAL_Driver/stm32f0xx_hal_i2c_ex.o
 .debug_info    0x0000bab9      0x998 Drivers/STM32F0xx_HAL_Driver/stm32f0xx_hal_rcc.o
 .debug_info    0x0000c451      0x39f Drivers/STM32F0xx_HAL_Driver/stm32f0xx_hal_rcc_ex.o
 .debug_info    0x0000c7f0     0x2d46 Drivers/STM32F0xx_HAL_Driver/stm32f0xx_hal_tim.o
 .debug_info    0x0000f536     0x1207 Drivers/STM32F0xx_HAL_Driver/stm32f0xx_hal_tim_ex.o

.debug_abbrev   0x00000000     0x26fb
 .debug_abbrev  0x00000000       0x12 Application/SW4STM32/startup_stm32f030x6.o
 .debug_abbrev  0x00000012      0x1b8 Application/User/adc.o
 .debug_abbrev  0x000001ca      0x160 Application/User/gpio.o
 .debug_abbrev  0x0000032a      0x1b6 Application/User/i2c.o
 .debug_abbrev  0x000004e0      0x322 Application/User/main.o
 .debug_abbrev  0x00000802      0x103 Application/User/stm32f0xx_hal_msp.o
 .debug_abbrev  0x00000905      0x1a2 Application/User/stm32f0xx_it.o
 .debug_abbrev  0x00000aa7      0x222 Application/User/tim.o
 .debug_abbrev  0x00000cc9       0xf3 Drivers/CMSIS/system_stm32f0xx.o
 .debug_abbrev  0x00000dbc      0x1f7 Drivers/STM32F0xx_HAL_Driver/stm32f0xx_hal.o
 .debug_abbrev  0x00000fb3      0x211 Drivers/STM32F0xx_HAL_Driver/stm32f0xx_hal_adc.o
 .debug_abbrev  0x000011c4      0x257 Drivers/STM32F0xx_HAL_Driver/stm32f0xx_hal_cortex.o
 .debug_abbrev  0x0000141b      0x1d0 Drivers/STM32F0xx_HAL_Driver/stm32f0xx_hal_dma.o
 .debug_abbrev  0x000015eb      0x1cd Drivers/STM32F0xx_HAL_Driver/stm32f0xx_hal_flash.o
 .debug_abbrev  0x000017b8      0x1d2 Drivers/STM32F0xx_HAL_Driver/stm32f0xx_hal_flash_ex.o
 .debug_abbrev  0x0000198a      0x1d4 Drivers/STM32F0xx_HAL_Driver/stm32f0xx_hal_gpio.o
 .debug_abbrev  0x00001b5e      0x213 Drivers/STM32F0xx_HAL_Driver/stm32f0xx_hal_i2c.o
 .debug_abbrev  0x00001d71      0x1aa Drivers/STM32F0xx_HAL_Driver/stm32f0xx_hal_i2c_ex.o
 .debug_abbrev  0x00001f1b      0x231 Drivers/STM32F0xx_HAL_Driver/stm32f0xx_hal_rcc.o
 .debug_abbrev  0x0000214c      0x17d Drivers/STM32F0xx_HAL_Driver/stm32f0xx_hal_rcc_ex.o
 .debug_abbrev  0x000022c9      0x219 Drivers/STM32F0xx_HAL_Driver/stm32f0xx_hal_tim.o
 .debug_abbrev  0x000024e2      0x219 Drivers/STM32F0xx_HAL_Driver/stm32f0xx_hal_tim_ex.o

.debug_aranges  0x00000000      0xe30
 .debug_aranges
                0x00000000       0x28 Application/SW4STM32/startup_stm32f030x6.o
 .debug_aranges
                0x00000028       0x30 Application/User/adc.o
 .debug_aranges
                0x00000058       0x20 Application/User/gpio.o
 .debug_aranges
                0x00000078       0x38 Application/User/i2c.o
 .debug_aranges
                0x000000b0       0x80 Application/User/main.o
 .debug_aranges
                0x00000130       0x20 Application/User/stm32f0xx_hal_msp.o
 .debug_aranges
                0x00000150       0x58 Application/User/stm32f0xx_it.o
 .debug_aranges
                0x000001a8       0x60 Application/User/tim.o
 .debug_aranges
                0x00000208       0x28 Drivers/CMSIS/system_stm32f0xx.o
 .debug_aranges
                0x00000230       0xa0 Drivers/STM32F0xx_HAL_Driver/stm32f0xx_hal.o
 .debug_aranges
                0x000002d0       0xf8 Drivers/STM32F0xx_HAL_Driver/stm32f0xx_hal_adc.o
 .debug_aranges
                0x000003c8       0x78 Drivers/STM32F0xx_HAL_Driver/stm32f0xx_hal_cortex.o
 .debug_aranges
                0x00000440       0x88 Drivers/STM32F0xx_HAL_Driver/stm32f0xx_hal_dma.o
 .debug_aranges
                0x000004c8       0x88 Drivers/STM32F0xx_HAL_Driver/stm32f0xx_hal_flash.o
 .debug_aranges
                0x00000550       0x98 Drivers/STM32F0xx_HAL_Driver/stm32f0xx_hal_flash_ex.o
 .debug_aranges
                0x000005e8       0x58 Drivers/STM32F0xx_HAL_Driver/stm32f0xx_hal_gpio.o
 .debug_aranges
                0x00000640      0x260 Drivers/STM32F0xx_HAL_Driver/stm32f0xx_hal_i2c.o
 .debug_aranges
                0x000008a0       0x38 Drivers/STM32F0xx_HAL_Driver/stm32f0xx_hal_i2c_ex.o
 .debug_aranges
                0x000008d8       0x80 Drivers/STM32F0xx_HAL_Driver/stm32f0xx_hal_rcc.o
 .debug_aranges
                0x00000958       0x30 Drivers/STM32F0xx_HAL_Driver/stm32f0xx_hal_rcc_ex.o
 .debug_aranges
                0x00000988      0x368 Drivers/STM32F0xx_HAL_Driver/stm32f0xx_hal_tim.o
 .debug_aranges
                0x00000cf0      0x140 Drivers/STM32F0xx_HAL_Driver/stm32f0xx_hal_tim_ex.o

.debug_ranges   0x00000000      0xd08
 .debug_ranges  0x00000000       0x20 Application/SW4STM32/startup_stm32f030x6.o
 .debug_ranges  0x00000020       0x20 Application/User/adc.o
 .debug_ranges  0x00000040       0x10 Application/User/gpio.o
 .debug_ranges  0x00000050       0x28 Application/User/i2c.o
 .debug_ranges  0x00000078       0x70 Application/User/main.o
 .debug_ranges  0x000000e8       0x10 Application/User/stm32f0xx_hal_msp.o
 .debug_ranges  0x000000f8       0x48 Application/User/stm32f0xx_it.o
 .debug_ranges  0x00000140       0x50 Application/User/tim.o
 .debug_ranges  0x00000190       0x18 Drivers/CMSIS/system_stm32f0xx.o
 .debug_ranges  0x000001a8       0x90 Drivers/STM32F0xx_HAL_Driver/stm32f0xx_hal.o
 .debug_ranges  0x00000238       0xe8 Drivers/STM32F0xx_HAL_Driver/stm32f0xx_hal_adc.o
 .debug_ranges  0x00000320       0x68 Drivers/STM32F0xx_HAL_Driver/stm32f0xx_hal_cortex.o
 .debug_ranges  0x00000388       0x78 Drivers/STM32F0xx_HAL_Driver/stm32f0xx_hal_dma.o
 .debug_ranges  0x00000400       0x78 Drivers/STM32F0xx_HAL_Driver/stm32f0xx_hal_flash.o
 .debug_ranges  0x00000478       0x88 Drivers/STM32F0xx_HAL_Driver/stm32f0xx_hal_flash_ex.o
 .debug_ranges  0x00000500       0x48 Drivers/STM32F0xx_HAL_Driver/stm32f0xx_hal_gpio.o
 .debug_ranges  0x00000548      0x250 Drivers/STM32F0xx_HAL_Driver/stm32f0xx_hal_i2c.o
 .debug_ranges  0x00000798       0x28 Drivers/STM32F0xx_HAL_Driver/stm32f0xx_hal_i2c_ex.o
 .debug_ranges  0x000007c0       0x88 Drivers/STM32F0xx_HAL_Driver/stm32f0xx_hal_rcc.o
 .debug_ranges  0x00000848       0x38 Drivers/STM32F0xx_HAL_Driver/stm32f0xx_hal_rcc_ex.o
 .debug_ranges  0x00000880      0x358 Drivers/STM32F0xx_HAL_Driver/stm32f0xx_hal_tim.o
 .debug_ranges  0x00000bd8      0x130 Drivers/STM32F0xx_HAL_Driver/stm32f0xx_hal_tim_ex.o

.debug_loc      0x00000000     0xab6e
 .debug_loc     0x00000000       0x21 Application/User/adc.o
 .debug_loc     0x00000021       0x2a Application/User/gpio.o
 .debug_loc     0x0000004b       0x63 Application/User/i2c.o
 .debug_loc     0x000000ae      0x25a Application/User/main.o
 .debug_loc     0x00000308      0x141 Application/User/tim.o
 .debug_loc     0x00000449       0xfe Drivers/CMSIS/system_stm32f0xx.o
 .debug_loc     0x00000547       0x6a Drivers/STM32F0xx_HAL_Driver/stm32f0xx_hal.o
 .debug_loc     0x000005b1      0xbcc Drivers/STM32F0xx_HAL_Driver/stm32f0xx_hal_adc.o
 .debug_loc     0x0000117d      0x39b Drivers/STM32F0xx_HAL_Driver/stm32f0xx_hal_cortex.o
 .debug_loc     0x00001518      0x7da Drivers/STM32F0xx_HAL_Driver/stm32f0xx_hal_dma.o
 .debug_loc     0x00001cf2      0x312 Drivers/STM32F0xx_HAL_Driver/stm32f0xx_hal_flash.o
 .debug_loc     0x00002004      0x5ee Drivers/STM32F0xx_HAL_Driver/stm32f0xx_hal_flash_ex.o
 .debug_loc     0x000025f2      0x2bc Drivers/STM32F0xx_HAL_Driver/stm32f0xx_hal_gpio.o
 .debug_loc     0x000028ae     0x331a Drivers/STM32F0xx_HAL_Driver/stm32f0xx_hal_i2c.o
 .debug_loc     0x00005bc8      0x19f Drivers/STM32F0xx_HAL_Driver/stm32f0xx_hal_i2c_ex.o
 .debug_loc     0x00005d67      0x4cf Drivers/STM32F0xx_HAL_Driver/stm32f0xx_hal_rcc.o
 .debug_loc     0x00006236      0x362 Drivers/STM32F0xx_HAL_Driver/stm32f0xx_hal_rcc_ex.o
 .debug_loc     0x00006598     0x3531 Drivers/STM32F0xx_HAL_Driver/stm32f0xx_hal_tim.o
 .debug_loc     0x00009ac9     0x10a5 Drivers/STM32F0xx_HAL_Driver/stm32f0xx_hal_tim_ex.o

.debug_macro    0x00000000    0x1220b
 .debug_macro   0x00000000      0x319 Application/User/adc.o
 .debug_macro   0x00000319      0x832 Application/User/adc.o
 .debug_macro   0x00000b4b       0x94 Application/User/adc.o
 .debug_macro   0x00000bdf       0xab Application/User/adc.o
 .debug_macro   0x00000c8a       0x2e Application/User/adc.o
 .debug_macro   0x00000cb8       0x22 Application/User/adc.o
 .debug_macro   0x00000cda       0x22 Application/User/adc.o
 .debug_macro   0x00000cfc       0x87 Application/User/adc.o
 .debug_macro   0x00000d83       0x44 Application/User/adc.o
 .debug_macro   0x00000dc7       0xfd Application/User/adc.o
 .debug_macro   0x00000ec4       0x5e Application/User/adc.o
 .debug_macro   0x00000f22      0x1df Application/User/adc.o
 .debug_macro   0x00001101       0x34 Application/User/adc.o
 .debug_macro   0x00001135       0x26 Application/User/adc.o
 .debug_macro   0x0000115b      0x30d Application/User/adc.o
 .debug_macro   0x00001468     0x6d64 Application/User/adc.o
 .debug_macro   0x000081cc       0x3c Application/User/adc.o
 .debug_macro   0x00008208     0x3408 Application/User/adc.o
 .debug_macro   0x0000b610       0x52 Application/User/adc.o
 .debug_macro   0x0000b662       0x35 Application/User/adc.o
 .debug_macro   0x0000b697       0x9c Application/User/adc.o
 .debug_macro   0x0000b733       0x16 Application/User/adc.o
 .debug_macro   0x0000b749       0x97 Application/User/adc.o
 .debug_macro   0x0000b7e0      0x30d Application/User/adc.o
 .debug_macro   0x0000baed       0xfd Application/User/adc.o
 .debug_macro   0x0000bbea       0x10 Application/User/adc.o
 .debug_macro   0x0000bbfa       0x52 Application/User/adc.o
 .debug_macro   0x0000bc4c       0x1f Application/User/adc.o
 .debug_macro   0x0000bc6b       0x43 Application/User/adc.o
 .debug_macro   0x0000bcae       0x20 Application/User/adc.o
 .debug_macro   0x0000bcce      0x187 Application/User/adc.o
 .debug_macro   0x0000be55       0x10 Application/User/adc.o
 .debug_macro   0x0000be65       0x1c Application/User/adc.o
 .debug_macro   0x0000be81       0x52 Application/User/adc.o
 .debug_macro   0x0000bed3       0x40 Application/User/adc.o
 .debug_macro   0x0000bf13       0x10 Application/User/adc.o
 .debug_macro   0x0000bf23       0x40 Application/User/adc.o
 .debug_macro   0x0000bf63       0xd7 Application/User/adc.o
 .debug_macro   0x0000c03a       0x16 Application/User/adc.o
 .debug_macro   0x0000c050      0x18b Application/User/adc.o
 .debug_macro   0x0000c1db       0x49 Application/User/adc.o
 .debug_macro   0x0000c224      0x931 Application/User/adc.o
 .debug_macro   0x0000cb55       0xe5 Application/User/adc.o
 .debug_macro   0x0000cc3a      0x13a Application/User/adc.o
 .debug_macro   0x0000cd74       0xad Application/User/adc.o
 .debug_macro   0x0000ce21      0x1ed Application/User/adc.o
 .debug_macro   0x0000d00e       0x34 Application/User/adc.o
 .debug_macro   0x0000d042       0x43 Application/User/adc.o
 .debug_macro   0x0000d085       0x29 Application/User/adc.o
 .debug_macro   0x0000d0ae      0x344 Application/User/adc.o
 .debug_macro   0x0000d3f2       0xbc Application/User/adc.o
 .debug_macro   0x0000d4ae       0xb6 Application/User/adc.o
 .debug_macro   0x0000d564      0x15a Application/User/adc.o
 .debug_macro   0x0000d6be      0x202 Application/User/adc.o
 .debug_macro   0x0000d8c0       0x61 Application/User/adc.o
 .debug_macro   0x0000d921       0x90 Application/User/adc.o
 .debug_macro   0x0000d9b1       0x4d Application/User/adc.o
 .debug_macro   0x0000d9fe       0x2d Application/User/adc.o
 .debug_macro   0x0000da2b      0x837 Application/User/adc.o
 .debug_macro   0x0000e262       0x47 Application/User/adc.o
 .debug_macro   0x0000e2a9       0xea Application/User/adc.o
 .debug_macro   0x0000e393      0x30f Application/User/gpio.o
 .debug_macro   0x0000e6a2      0x319 Application/User/i2c.o
 .debug_macro   0x0000e9bb      0x34a Application/User/main.o
 .debug_macro   0x0000ed05       0x22 Application/User/main.o
 .debug_macro   0x0000ed27      0x305 Application/User/stm32f0xx_hal_msp.o
 .debug_macro   0x0000f02c      0x30f Application/User/stm32f0xx_it.o
 .debug_macro   0x0000f33b      0x318 Application/User/tim.o
 .debug_macro   0x0000f653      0x305 Drivers/CMSIS/system_stm32f0xx.o
 .debug_macro   0x0000f958      0x329 Drivers/STM32F0xx_HAL_Driver/stm32f0xx_hal.o
 .debug_macro   0x0000fc81      0x329 Drivers/STM32F0xx_HAL_Driver/stm32f0xx_hal_adc.o
 .debug_macro   0x0000ffaa      0x305 Drivers/STM32F0xx_HAL_Driver/stm32f0xx_hal_cortex.o
 .debug_macro   0x000102af      0x305 Drivers/STM32F0xx_HAL_Driver/stm32f0xx_hal_dma.o
 .debug_macro   0x000105b4      0x305 Drivers/STM32F0xx_HAL_Driver/stm32f0xx_hal_flash.o
 .debug_macro   0x000108b9      0x317 Drivers/STM32F0xx_HAL_Driver/stm32f0xx_hal_flash_ex.o
 .debug_macro   0x00010bd0      0x33e Drivers/STM32F0xx_HAL_Driver/stm32f0xx_hal_gpio.o
 .debug_macro   0x00010f0e      0x3d1 Drivers/STM32F0xx_HAL_Driver/stm32f0xx_hal_i2c.o
 .debug_macro   0x000112df      0x305 Drivers/STM32F0xx_HAL_Driver/stm32f0xx_hal_i2c_ex.o
 .debug_macro   0x000115e4      0x317 Drivers/STM32F0xx_HAL_Driver/stm32f0xx_hal_rcc.o
 .debug_macro   0x000118fb      0x305 Drivers/STM32F0xx_HAL_Driver/stm32f0xx_hal_rcc_ex.o
 .debug_macro   0x00011c00      0x306 Drivers/STM32F0xx_HAL_Driver/stm32f0xx_hal_tim.o
 .debug_macro   0x00011f06      0x305 Drivers/STM32F0xx_HAL_Driver/stm32f0xx_hal_tim_ex.o

.debug_str      0x00000000    0x5eea4
 .debug_str     0x00000000    0x5ada4 Application/User/adc.o
                              0x5b0e8 (size before relaxing)
 .debug_str     0x0005ada4       0xae Application/User/gpio.o
                              0x5ac00 (size before relaxing)
 .debug_str     0x0005ae52      0x329 Application/User/i2c.o
                              0x5b2ad (size before relaxing)
 .debug_str     0x0005b17b      0x66f Application/User/main.o
                              0x5b82f (size before relaxing)
 .debug_str     0x0005b7ea       0x3f Application/User/stm32f0xx_hal_msp.o
                              0x5ac90 (size before relaxing)
 .debug_str     0x0005b829      0x2d1 Application/User/stm32f0xx_it.o
                              0x5b3fa (size before relaxing)
 .debug_str     0x0005bafa      0x31f Application/User/tim.o
                              0x5b481 (size before relaxing)
 .debug_str     0x0005be19       0x9e Drivers/CMSIS/system_stm32f0xx.o
                              0x5ab99 (size before relaxing)
 .debug_str     0x0005beb7      0x298 Drivers/STM32F0xx_HAL_Driver/stm32f0xx_hal.o
                              0x5b001 (size before relaxing)
 .debug_str     0x0005c14f      0x380 Drivers/STM32F0xx_HAL_Driver/stm32f0xx_hal_adc.o
                              0x5b277 (size before relaxing)
 .debug_str     0x0005c4cf      0x158 Drivers/STM32F0xx_HAL_Driver/stm32f0xx_hal_cortex.o
                              0x5aedb (size before relaxing)
 .debug_str     0x0005c627      0x246 Drivers/STM32F0xx_HAL_Driver/stm32f0xx_hal_dma.o
                              0x5af44 (size before relaxing)
 .debug_str     0x0005c86d      0x26f Drivers/STM32F0xx_HAL_Driver/stm32f0xx_hal_flash.o
                              0x5ae49 (size before relaxing)
 .debug_str     0x0005cadc      0x26d Drivers/STM32F0xx_HAL_Driver/stm32f0xx_hal_flash_ex.o
                              0x5afa6 (size before relaxing)
 .debug_str     0x0005cd49      0x1dd Drivers/STM32F0xx_HAL_Driver/stm32f0xx_hal_gpio.o
                              0x5ae02 (size before relaxing)
 .debug_str     0x0005cf26      0xc5a Drivers/STM32F0xx_HAL_Driver/stm32f0xx_hal_i2c.o
                              0x5bd62 (size before relaxing)
 .debug_str     0x0005db80       0xa1 Drivers/STM32F0xx_HAL_Driver/stm32f0xx_hal_i2c_ex.o
                              0x5b0e1 (size before relaxing)
 .debug_str     0x0005dc21      0x1ff Drivers/STM32F0xx_HAL_Driver/stm32f0xx_hal_rcc.o
                              0x5afb2 (size before relaxing)
 .debug_str     0x0005de20       0xaf Drivers/STM32F0xx_HAL_Driver/stm32f0xx_hal_rcc_ex.o
                              0x5ace7 (size before relaxing)
 .debug_str     0x0005decf      0xbdf Drivers/STM32F0xx_HAL_Driver/stm32f0xx_hal_tim.o
                              0x5bc64 (size before relaxing)
 .debug_str     0x0005eaae      0x3f6 Drivers/STM32F0xx_HAL_Driver/stm32f0xx_hal_tim_ex.o
                              0x5b522 (size before relaxing)

.comment        0x00000000       0x6e
 .comment       0x00000000       0x6e Application/User/adc.o
                                 0x6f (size before relaxing)
 .comment       0x0000006e       0x6f Application/User/gpio.o
 .comment       0x0000006e       0x6f Application/User/i2c.o
 .comment       0x0000006e       0x6f Application/User/main.o
 .comment       0x0000006e       0x6f Application/User/stm32f0xx_hal_msp.o
 .comment       0x0000006e       0x6f Application/User/stm32f0xx_it.o
 .comment       0x0000006e       0x6f Application/User/tim.o
 .comment       0x0000006e       0x6f Drivers/CMSIS/system_stm32f0xx.o
 .comment       0x0000006e       0x6f Drivers/STM32F0xx_HAL_Driver/stm32f0xx_hal.o
 .comment       0x0000006e       0x6f Drivers/STM32F0xx_HAL_Driver/stm32f0xx_hal_adc.o
 .comment       0x0000006e       0x6f Drivers/STM32F0xx_HAL_Driver/stm32f0xx_hal_cortex.o
 .comment       0x0000006e       0x6f Drivers/STM32F0xx_HAL_Driver/stm32f0xx_hal_dma.o
 .comment       0x0000006e       0x6f Drivers/STM32F0xx_HAL_Driver/stm32f0xx_hal_flash.o
 .comment       0x0000006e       0x6f Drivers/STM32F0xx_HAL_Driver/stm32f0xx_hal_flash_ex.o
 .comment       0x0000006e       0x6f Drivers/STM32F0xx_HAL_Driver/stm32f0xx_hal_gpio.o
 .comment       0x0000006e       0x6f Drivers/STM32F0xx_HAL_Driver/stm32f0xx_hal_i2c.o
 .comment       0x0000006e       0x6f Drivers/STM32F0xx_HAL_Driver/stm32f0xx_hal_i2c_ex.o
 .comment       0x0000006e       0x6f Drivers/STM32F0xx_HAL_Driver/stm32f0xx_hal_rcc.o
 .comment       0x0000006e       0x6f Drivers/STM32F0xx_HAL_Driver/stm32f0xx_hal_rcc_ex.o
 .comment       0x0000006e       0x6f Drivers/STM32F0xx_HAL_Driver/stm32f0xx_hal_tim.o
 .comment       0x0000006e       0x6f Drivers/STM32F0xx_HAL_Driver/stm32f0xx_hal_tim_ex.o

.debug_frame    0x00000000     0x2504
 .debug_frame   0x00000000       0x54 Application/User/adc.o
 .debug_frame   0x00000054       0x30 Application/User/gpio.o
 .debug_frame   0x00000084       0x70 Application/User/i2c.o
 .debug_frame   0x000000f4      0x128 Application/User/main.o
 .debug_frame   0x0000021c       0x28 Application/User/stm32f0xx_hal_msp.o
 .debug_frame   0x00000244       0xc0 Application/User/stm32f0xx_it.o
 .debug_frame   0x00000304       0xfc Application/User/tim.o
 .debug_frame   0x00000400       0x38 Drivers/CMSIS/system_stm32f0xx.o
 .debug_frame   0x00000438      0x144 Drivers/STM32F0xx_HAL_Driver/stm32f0xx_hal.o
 .debug_frame   0x0000057c      0x2a0 Drivers/STM32F0xx_HAL_Driver/stm32f0xx_hal_adc.o
 .debug_frame   0x0000081c       0xe4 Drivers/STM32F0xx_HAL_Driver/stm32f0xx_hal_cortex.o
 .debug_frame   0x00000900      0x168 Drivers/STM32F0xx_HAL_Driver/stm32f0xx_hal_dma.o
 .debug_frame   0x00000a68      0x13c Drivers/STM32F0xx_HAL_Driver/stm32f0xx_hal_flash.o
 .debug_frame   0x00000ba4      0x178 Drivers/STM32F0xx_HAL_Driver/stm32f0xx_hal_flash_ex.o
 .debug_frame   0x00000d1c       0xcc Drivers/STM32F0xx_HAL_Driver/stm32f0xx_hal_gpio.o
 .debug_frame   0x00000de8      0x784 Drivers/STM32F0xx_HAL_Driver/stm32f0xx_hal_i2c.o
 .debug_frame   0x0000156c       0x88 Drivers/STM32F0xx_HAL_Driver/stm32f0xx_hal_i2c_ex.o
 .debug_frame   0x000015f4      0x130 Drivers/STM32F0xx_HAL_Driver/stm32f0xx_hal_rcc.o
 .debug_frame   0x00001724       0x58 Drivers/STM32F0xx_HAL_Driver/stm32f0xx_hal_rcc_ex.o
 .debug_frame   0x0000177c      0x990 Drivers/STM32F0xx_HAL_Driver/stm32f0xx_hal_tim.o
 .debug_frame   0x0000210c      0x384 Drivers/STM32F0xx_HAL_Driver/stm32f0xx_hal_tim_ex.o
 .debug_frame   0x00002490       0x20 c:/ac6/systemworkbench/plugins/fr.ac6.mcu.externaltools.arm-none.win32_1.13.2.201703061525/tools/compiler/bin/../lib/gcc/arm-none-eabi/5.4.1/armv6-m\libgcc.a(_udivsi3.o)
 .debug_frame   0x000024b0       0x2c c:/ac6/systemworkbench/plugins/fr.ac6.mcu.externaltools.arm-none.win32_1.13.2.201703061525/tools/compiler/bin/../lib/gcc/arm-none-eabi/5.4.1/../../../../arm-none-eabi/lib/armv6-m\libc_nano.a(lib_a-init.o)
 .debug_frame   0x000024dc       0x28 c:/ac6/systemworkbench/plugins/fr.ac6.mcu.externaltools.arm-none.win32_1.13.2.201703061525/tools/compiler/bin/../lib/gcc/arm-none-eabi/5.4.1/../../../../arm-none-eabi/lib/armv6-m\libc_nano.a(lib_a-memcpy-stub.o)
